// Jest Snapshot v1, https://goo.gl/fbAQLP

exports[`Header renders Header component correctly  1`] = `
<header
  className="header"
>
  <h1
    className="header-title"
  >
    Currency Converter
  </h1>
  <p
    className="header-date"
  >
    Tue Sep 01 2020
  </p>
</header>
`;
